This is LuaHBTeX, Version 1.24.0 (TeX Live 2026/Arch Linux)  (format=optex 2025.10.28)  14 MAR 2026 10:51
 restricted system commands enabled.
**/tmp/test.tex
(/tmp/test.tex This is OpTeX (Olsak's Plain TeX), version <1.17 Feb 2025>
(/usr/share/texmf-dist/tex/csplain/opmac/opmac.tex))
*
! Emergency stop.
<*> 
    
End of file on the terminal!

!  ==> Fatal error occurred, no output PDF file produced!
